[
  {
    "name": "VCALENDAR",
    "prop": [
      {
        "name": "PRODID",
        "params": [],
        "value": "-//ABC Corporation//NONSGML My Product//EN"
      },
      {
        "name": "VERSION",
        "params": [],
        "value": "2.0"
      }
    ],
    "components": [
      {
        "name": "VTODO",
        "prop": [
          {
            "name": "DESCRIPTION",
            "params": [
                  {
                    "name": "ALTREP",
                    "values": [
                          "cid:part1.0001@example.org"
                        ]
                  }
                ],
            "value": "The Fall'98 Wild Wizards Conference - - Las Vegas\\, NV\\, USA"
          },
          {
            "name": "SUMMARY",
            "params": [],
            "value": "Submit Income Taxes"
          },
          {
            "name": "STATUS",
            "params": [],
            "value": "NEEDS-ACTION"
          },
          {
            "name": "DUE",
            "params": [],
            "value": "19980415T000000"
          },
          {
            "name": "ATTENDEE",
            "params": [
                  {
                    "name": "PARTSTAT",
                    "values": [
                          "ACCEPTED"
                        ]
                  }
                ],
            "value": "mailto:jqpublic@example.com"
          },
          {
            "name": "ORGANIZER",
            "params": [],
            "value": "mailto:unclesam@example.com"
          },
          {
            "name": "UID",
            "params": [],
            "value": "uid4@example.com"
          },
          {
            "name": "SEQUENCE",
            "params": [],
            "value": "2"
          },
          {
            "name": "DTSTAMP",
            "params": [],
            "value": "19980130T134500Z"
          }
        ],
        "components": [
          {
            "name": "VALARM",
            "prop": [
              {
                "name": "DURATION",
                "params": [],
                "value": "PT1H"
              },
              {
                "name": "REPEAT",
                "params": [],
                "value": "4"
              },
              {
                "name": "ATTACH",
                "params": [
                      {
                        "name": "FMTTYPE",
                        "values": [
                              "audio/basic"
                            ]
                      }
                    ],
                "value": "http://example.com/pub/audio-files/ssbanner.aud"
              },
              {
                "name": "TRIGGER",
                "params": [],
                "value": "19980403T120000Z"
              },
              {
                "name": "ACTION",
                "params": [],
                "value": "AUDIO"
              }
            ],
            "components": []
          }
        ]
      }
    ]
  }
]
