[
  {
    "name": "VCALENDAR",
    "prop": [
      {
        "name": "PRODID",
        "value": "-//ABC Corporation//NONSGML My Product//EN"
      },
      {
        "name": "VERSION",
        "value": "2.0"
      }
    ],
    "components": [
      {
        "name": "VTODO",
        "prop": [
          {
            "name": "DESCRIPTION",
            "param": "ALTREP=\"cid:part1.0001@example.org\"",
            "value": "The Fall'98 Wild Wizards Conference - - Las Vegas\\, NV\\, USA"
          },
          {
            "name": "SUMMARY",
            "value": "Submit Income Taxes"
          },
          {
            "name": "STATUS",
            "value": "NEEDS-ACTION"
          },
          {
            "name": "DUE",
            "value": "19980415T000000"
          },
          {
            "name": "ATTENDEE",
            "param": "PARTSTAT=ACCEPTED",
            "value": "mailto:jqpublic@example.com"
          },
          {
            "name": "ORGANIZER",
            "value": "mailto:unclesam@example.com"
          },
          {
            "name": "UID",
            "value": "uid4@example.com"
          },
          {
            "name": "SEQUENCE",
            "value": "2"
          },
          {
            "name": "DTSTAMP",
            "value": "19980130T134500Z"
          }
        ],
        "components": [
          {
            "name": "VALARM",
            "prop": [
              {
                "name": "DURATION",
                "value": "PT1H"
              },
              {
                "name": "REPEAT",
                "value": "4"
              },
              {
                "name": "ATTACH",
                "param": "FMTTYPE=audio/basic",
                "value": "http://example.com/pub/audio-files/ssbanner.aud"
              },
              {
                "name": "TRIGGER",
                "value": "19980403T120000Z"
              },
              {
                "name": "ACTION",
                "value": "AUDIO"
              }
            ],
            "components": []
          }
        ]
      }
    ]
  }
]
